// Jest Snapshot v1, https://goo.gl/fbAQLP

exports[`Test createSuite module Initial run Should be able to get the suite from the result of createSuite 1`] = `
SuiteSummary {
  "errorCount": 0,
  "errors": [],
  "getError": [Function],
  "getErrors": [Function],
  "getErrorsByGroup": [Function],
  "getWarning": [Function],
  "getWarnings": [Function],
  "getWarningsByGroup": [Function],
  "groups": {},
  "hasErrors": [Function],
  "hasErrorsByGroup": [Function],
  "hasWarnings": [Function],
  "hasWarningsByGroup": [Function],
  "isValid": [Function],
  "isValidByGroup": [Function],
  "pendingCount": 0,
  "suiteName": undefined,
  "testCount": 0,
  "tests": {},
  "valid": false,
  "warnCount": 0,
  "warnings": [],
}
`;

exports[`Test createSuite module Initial run Should initialize with an empty result object 1`] = `
SuiteSummary {
  "errorCount": 0,
  "errors": [],
  "getError": [Function],
  "getErrors": [Function],
  "getErrorsByGroup": [Function],
  "getWarning": [Function],
  "getWarnings": [Function],
  "getWarningsByGroup": [Function],
  "groups": {},
  "hasErrors": [Function],
  "hasErrorsByGroup": [Function],
  "hasWarnings": [Function],
  "hasWarningsByGroup": [Function],
  "isValid": [Function],
  "isValidByGroup": [Function],
  "pendingCount": 0,
  "suiteName": undefined,
  "testCount": 0,
  "tests": {},
  "valid": false,
  "warnCount": 0,
  "warnings": [],
}
`;

exports[`Test createSuite module Test suite Arguments allows omitting suite name 1`] = `
SuiteSummary {
  "errorCount": 0,
  "errors": [],
  "getError": [Function],
  "getErrors": [Function],
  "getErrorsByGroup": [Function],
  "getWarning": [Function],
  "getWarnings": [Function],
  "getWarningsByGroup": [Function],
  "groups": {},
  "hasErrors": [Function],
  "hasErrorsByGroup": [Function],
  "hasWarnings": [Function],
  "hasWarningsByGroup": [Function],
  "isValid": [Function],
  "isValidByGroup": [Function],
  "pendingCount": 0,
  "suiteName": undefined,
  "testCount": 0,
  "tests": {},
  "valid": false,
  "warnCount": 0,
  "warnings": [],
}
`;
