// Jest Snapshot v1, https://goo.gl/fbAQLP

exports[`registerSuite When suite does not exist in state Should create initial suite without prevState 1`] = `
Object {
  "doneCallbacks": Array [],
  "fieldCallbacks": Object {},
  "groups": Object {},
  "lagging": Array [],
  "name": "suite_1",
  "pending": Array [],
  "suiteId": "suiteId_1",
  "testObjects": Array [],
  "tests": Object {},
}
`;

exports[`registerSuite When suite exists in state Prev state data handling When lagging and/or pending exist in the previous state Should match snapshot 1`] = `
Array [
  Object {
    "doneCallbacks": Array [],
    "fieldCallbacks": Object {},
    "groups": Object {},
    "lagging": Array [
      [MockFunction],
      [MockFunction],
      [MockFunction],
      [MockFunction],
      [MockFunction],
      [MockFunction],
    ],
    "name": "suite_1",
    "pending": Array [],
    "suiteId": "suiteId_1",
    "testObjects": Array [],
    "tests": Object {},
  },
  Object {
    "doneCallbacks": Array [],
    "fieldCallbacks": Object {},
    "groups": Object {},
    "lagging": null,
    "name": "suite_1",
    "pending": null,
    "suiteId": "suiteId_1",
    "testObjects": Array [],
    "tests": Object {},
  },
]
`;

exports[`registerSuite When suite exists in state Should match snapshot 1`] = `
Array [
  Object {
    "doneCallbacks": Array [],
    "fieldCallbacks": Object {},
    "groups": Object {},
    "lagging": Array [],
    "name": "suite_1",
    "pending": Array [],
    "suiteId": "suiteId_1",
    "testObjects": Array [],
    "tests": Object {},
  },
  Object {
    "doneCallbacks": Array [],
    "fieldCallbacks": Object {},
    "groups": Object {},
    "lagging": null,
    "name": "suite_1",
    "pending": null,
    "suiteId": "suiteId_1",
    "testObjects": Array [],
    "tests": Object {},
  },
]
`;
