// Jest Snapshot v1, https://goo.gl/fbAQLP

exports[`useLoadSuite Calling useLoadSuite should resume from loaded state 1`] = `
SuiteSummary {
  "errorCount": 4,
  "errors": [
    SummaryFailure {
      "fieldName": "t1",
      "groupName": undefined,
      "message": undefined,
    },
    SummaryFailure {
      "fieldName": "t2",
      "groupName": "g1",
      "message": "t2 message",
    },
    SummaryFailure {
      "fieldName": "t6",
      "groupName": undefined,
      "message": undefined,
    },
    SummaryFailure {
      "fieldName": "t6",
      "groupName": undefined,
      "message": undefined,
    },
  ],
  "getError": [Function],
  "getErrors": [Function],
  "getErrorsByGroup": [Function],
  "getWarning": [Function],
  "getWarnings": [Function],
  "getWarningsByGroup": [Function],
  "groups": {
    "g1": {
      "t2": SummaryBase {
        "errorCount": 1,
        "errors": [
          "t2 message",
        ],
        "pendingCount": 0,
        "testCount": 1,
        "valid": false,
        "warnCount": 0,
        "warnings": [],
      },
      "t3": SummaryBase {
        "errorCount": 0,
        "errors": [],
        "pendingCount": 0,
        "testCount": 1,
        "valid": true,
        "warnCount": 0,
        "warnings": [],
      },
      "t4": SummaryBase {
        "errorCount": 0,
        "errors": [],
        "pendingCount": 0,
        "testCount": 1,
        "valid": true,
        "warnCount": 1,
        "warnings": [],
      },
    },
  },
  "hasErrors": [Function],
  "hasErrorsByGroup": [Function],
  "hasWarnings": [Function],
  "hasWarningsByGroup": [Function],
  "isValid": [Function],
  "isValidByGroup": [Function],
  "pendingCount": 0,
  "suiteName": undefined,
  "testCount": 6,
  "tests": {
    "t1": SummaryBase {
      "errorCount": 1,
      "errors": [],
      "pendingCount": 0,
      "testCount": 1,
      "valid": false,
      "warnCount": 0,
      "warnings": [],
    },
    "t2": SummaryBase {
      "errorCount": 1,
      "errors": [
        "t2 message",
      ],
      "pendingCount": 0,
      "testCount": 1,
      "valid": false,
      "warnCount": 0,
      "warnings": [],
    },
    "t3": SummaryBase {
      "errorCount": 0,
      "errors": [],
      "pendingCount": 0,
      "testCount": 1,
      "valid": true,
      "warnCount": 0,
      "warnings": [],
    },
    "t4": SummaryBase {
      "errorCount": 0,
      "errors": [],
      "pendingCount": 0,
      "testCount": 1,
      "valid": true,
      "warnCount": 1,
      "warnings": [],
    },
    "t5": SummaryBase {
      "errorCount": 0,
      "errors": [],
      "pendingCount": 0,
      "testCount": 0,
      "valid": false,
      "warnCount": 0,
      "warnings": [],
    },
    "t6": {
      "errorCount": 2,
      "errors": [],
      "pendingCount": 0,
      "testCount": 2,
      "valid": false,
      "warnCount": 0,
      "warnings": [],
    },
  },
  "valid": false,
  "warnCount": 1,
  "warnings": [
    SummaryFailure {
      "fieldName": "t4",
      "groupName": "g1",
      "message": undefined,
    },
  ],
}
`;
