// Jest Snapshot v1, https://goo.gl/fbAQLP

exports[`IsolateTest TestObject constructor 1`] = `
{
  "$type": "UnitTest",
  "children": [],
  "data": {
    "fieldName": "unicycle",
    "message": "I am Root.",
    "severity": "error",
    "status": "UNTESTED",
    "testFn": [MockFunction],
    "type": "Test",
  },
  "key": null,
  "keys": {},
  "output": null,
  "parent": null,
}
`;

exports[`IsolateTest testObject.warn Should mark the test as warning 1`] = `
{
  "$type": "UnitTest",
  "children": [],
  "data": {
    "fieldName": "unicycle",
    "message": "I am Root.",
    "severity": "warning",
    "status": "UNTESTED",
    "testFn": [MockFunction],
    "type": "Test",
  },
  "key": null,
  "keys": {},
  "output": null,
  "parent": null,
}
`;
