// Jest Snapshot v1, https://goo.gl/fbAQLP

exports[`hook: vest.get() When suite exists Should return produced result 1`] = `
Object {
  "errorCount": 1,
  "getErrors": [Function],
  "getErrorsByGroup": [Function],
  "getWarnings": [Function],
  "getWarningsByGroup": [Function],
  "groups": Object {},
  "hasErrors": [Function],
  "hasErrorsByGroup": [Function],
  "hasWarnings": [Function],
  "hasWarningsByGroup": [Function],
  "name": "form-name",
  "tests": Object {
    "f1": Object {
      "errorCount": 0,
      "testCount": 1,
      "warnCount": 0,
    },
    "f2": Object {
      "errorCount": 1,
      "errors": Array [
        "msg",
      ],
      "testCount": 2,
      "warnCount": 1,
      "warnings": Array [
        "msg",
      ],
    },
  },
  "warnCount": 1,
}
`;
