// Jest Snapshot v1, https://goo.gl/fbAQLP

exports[`VestTest TestObject constructor 1`] = `
VestTest {
  "failed": false,
  "fieldName": "unicycle",
  "id": "0",
  "isWarning": false,
  "statement": "I am Root.",
  "testFn": [MockFunction],
}
`;

exports[`VestTest testObject.warn Should set \`.isWarning\` to true 1`] = `
VestTest {
  "failed": false,
  "fieldName": "unicycle",
  "id": "103",
  "isWarning": true,
  "statement": "I am Root.",
  "testFn": [MockFunction],
}
`;
