// Jest Snapshot v1, https://goo.gl/fbAQLP

exports[`suite.serialize Should produce a valid serialized dump 1`] = `"{"children":[{"$":"Focused","focusMode":0,"match":["field_1"],"matchAll":false},{"$":"Test","severity":"error","status":"FAILED","fieldName":"field_1","message":"field_1_message"},{"$":"Test","severity":"error","status":"SKIPPED","fieldName":"field_2","message":"field_2_message"},{"children":[{"$":"Test","severity":"error","status":"SKIPPED","fieldName":"field_3","groupName":"group_1","message":"field_3_message_1"},{"$":"Test","severity":"error","status":"SKIPPED","fieldName":"field_3","groupName":"group_1","message":"field_3_message_2"},{"$":"Test","severity":"error","status":"SKIPPED","fieldName":"field_4","groupName":"group_1","message":"field_4_message"}],"$":"Group"},{"children":[{"$":"Test","severity":"error","status":"SKIPPED","fieldName":"field_5","message":"field_5_message"}],"$":"SkipWhen"}],"output":{"errorCount":1,"warnCount":0,"testCount":1,"errors":[{"fieldName":"field_1","message":"field_1_message"}],"warnings":[],"groups":{"group_1":{"field_3":{"errorCount":0,"warnCount":0,"testCount":0,"errors":[],"warnings":[],"valid":false},"field_4":{"errorCount":0,"warnCount":0,"testCount":0,"errors":[],"warnings":[],"valid":false}}},"tests":{"field_1":{"errorCount":1,"warnCount":0,"testCount":1,"errors":["field_1_message"],"warnings":[],"valid":false},"field_2":{"errorCount":0,"warnCount":0,"testCount":0,"errors":[],"warnings":[],"valid":false},"field_3":{"errorCount":0,"warnCount":0,"testCount":0,"errors":[],"warnings":[],"valid":false},"field_4":{"errorCount":0,"warnCount":0,"testCount":0,"errors":[],"warnings":[],"valid":false},"field_5":{"errorCount":0,"warnCount":0,"testCount":0,"errors":[],"warnings":[],"valid":false}},"valid":false,"suiteName":"suite_serialize_test"},"$":"Suite","optional":{}}"`;
