// Jest Snapshot v1, https://goo.gl/fbAQLP

exports[`resetState Sanity 1`] = `
Object {
  "_canceled": Object {},
  "_suites": Object {},
}
`;

exports[`resetState When invoked with suite name Should add a new suite to the state 1`] = `
Array [
  Object {
    "doneCallbacks": Array [],
    "fieldCallbacks": Object {},
    "groups": Object {},
    "lagging": Array [],
    "name": "test-suite",
    "pending": Array [],
    "suiteId": "test-suite",
    "testObjects": Array [],
    "tests": Object {},
  },
  undefined,
]
`;
