// Jest Snapshot v1, https://goo.gl/fbAQLP

exports[`Stateful behavior Should have all fields 1`] = `
Object {
  "field_1": Object {
    "errorCount": 1,
    "errors": Array [
      "field_statement_1",
    ],
    "testCount": 1,
    "warnCount": 0,
  },
  "field_2": Object {
    "errorCount": 1,
    "errors": Array [
      "field_statement_2",
    ],
    "testCount": 1,
    "warnCount": 0,
  },
  "field_3": Object {
    "errorCount": 0,
    "testCount": 1,
    "warnCount": 0,
  },
  "field_4": Object {
    "errorCount": 0,
    "testCount": 2,
    "warnCount": 1,
    "warnings": Array [
      "field_statement_4",
    ],
  },
  "field_5": Object {
    "errorCount": 2,
    "errors": Array [
      "field_statement_5",
      "field_statement_6",
    ],
    "testCount": 2,
    "warnCount": 0,
  },
  "field_6": Object {
    "errorCount": 0,
    "testCount": 1,
    "warnCount": 0,
  },
  "field_7": Object {
    "errorCount": 0,
    "testCount": 1,
    "warnCount": 0,
  },
}
`;

exports[`Stateful behavior Should have all fields 2`] = `
Object {
  "field_1": Object {
    "errorCount": 1,
    "errors": Array [
      "field_statement_1",
    ],
    "testCount": 1,
    "warnCount": 0,
  },
  "field_2": Object {
    "errorCount": 1,
    "errors": Array [
      "field_statement_2",
    ],
    "testCount": 1,
    "warnCount": 0,
  },
  "field_3": Object {
    "errorCount": 0,
    "testCount": 1,
    "warnCount": 0,
  },
  "field_4": Object {
    "errorCount": 0,
    "testCount": 2,
    "warnCount": 1,
    "warnings": Array [
      "field_statement_4",
    ],
  },
  "field_5": Object {
    "errorCount": 2,
    "errors": Array [
      "field_statement_5",
      "field_statement_6",
    ],
    "testCount": 2,
    "warnCount": 0,
  },
  "field_6": Object {
    "errorCount": 0,
    "testCount": 1,
    "warnCount": 0,
  },
  "field_7": Object {
    "errorCount": 0,
    "testCount": 1,
    "warnCount": 0,
  },
}
`;

exports[`Stateful behavior Should have all fields 3`] = `
Object {
  "field_1": Object {
    "errorCount": 1,
    "errors": Array [
      "field_statement_1",
    ],
    "testCount": 1,
    "warnCount": 0,
  },
  "field_2": Object {
    "errorCount": 1,
    "errors": Array [
      "field_statement_2",
    ],
    "testCount": 1,
    "warnCount": 0,
  },
  "field_3": Object {
    "errorCount": 0,
    "testCount": 1,
    "warnCount": 0,
  },
  "field_4": Object {
    "errorCount": 0,
    "testCount": 2,
    "warnCount": 1,
    "warnings": Array [
      "field_statement_4",
    ],
  },
  "field_5": Object {
    "errorCount": 2,
    "errors": Array [
      "field_statement_5",
      "field_statement_6",
    ],
    "testCount": 2,
    "warnCount": 0,
  },
  "field_6": Object {
    "errorCount": 0,
    "testCount": 1,
    "warnCount": 0,
  },
  "field_7": Object {
    "errorCount": 0,
    "testCount": 1,
    "warnCount": 0,
  },
}
`;

exports[`Stateful behavior Should have all fields 4`] = `
Object {
  "field_1": Object {
    "errorCount": 1,
    "errors": Array [
      "field_statement_1",
    ],
    "testCount": 1,
    "warnCount": 0,
  },
  "field_2": Object {
    "errorCount": 1,
    "errors": Array [
      "field_statement_2",
    ],
    "testCount": 1,
    "warnCount": 0,
  },
  "field_3": Object {
    "errorCount": 0,
    "testCount": 1,
    "warnCount": 0,
  },
  "field_4": Object {
    "errorCount": 0,
    "testCount": 2,
    "warnCount": 1,
    "warnings": Array [
      "field_statement_4",
    ],
  },
  "field_5": Object {
    "errorCount": 2,
    "errors": Array [
      "field_statement_5",
      "field_statement_6",
    ],
    "testCount": 2,
    "warnCount": 0,
  },
  "field_6": Object {
    "errorCount": 0,
    "testCount": 1,
    "warnCount": 0,
  },
  "field_7": Object {
    "errorCount": 0,
    "testCount": 1,
    "warnCount": 0,
  },
}
`;
